[NX v22.6.5 Daemon Client] - 2026-05-15T04:41:32.552Z - [Client] Starting new daemon server in background
[NX v22.6.5 Daemon Client] - 2026-05-15T04:41:32.556Z - [Client] Waiting for server (max: 6000 attempts, 10ms interval)
[NX v22.6.5 Daemon Server] - 2026-05-15T04:41:32.833Z - Time taken for 'workspace context init' 0.6283300000000054ms
DEBUG nx::native::telemetry: Telemetry service initialized successfully
[NX v22.6.5 Daemon Server] - 2026-05-15T04:41:33.272Z - New daemon starting from: /home/venky/repos/servitude/node_modules/.pnpm/nx@22.6.5_@swc-node+register@1.11.1_@emnapi+core@1.10.0_@emnapi+runtime@1.10.0_@swc+cor_26f8a5e623910dc042f9602a3e963d01/node_modules/nx/src/daemon/server/server.js
[NX v22.6.5 Daemon Server] - 2026-05-15T04:41:33.273Z - New daemon __dirname: /home/venky/repos/servitude/node_modules/.pnpm/nx@22.6.5_@swc-node+register@1.11.1_@emnapi+core@1.10.0_@emnapi+runtime@1.10.0_@swc+cor_26f8a5e623910dc042f9602a3e963d01/node_modules/nx/src/daemon/server
[NX v22.6.5 Daemon Server] - 2026-05-15T04:41:33.273Z - New daemon nxVersion: 22.6.5
[NX v22.6.5 Daemon Server] - 2026-05-15T04:41:33.276Z - New daemon getInstalledNxVersion(): 22.6.5
[NX v22.6.5 Daemon Server] - 2026-05-15T04:41:33.279Z - [Server] Starting outdated check interval (20ms)
[NX v22.6.5 Daemon Server] - 2026-05-15T04:41:33.281Z - Started listening on: /tmp/b8cc52f680c41bb6ac88/d.sock
[NX v22.6.5 Daemon Server] - 2026-05-15T04:41:33.283Z - [WATCHER]: Subscribed to changes within: /home/venky/repos/servitude (native)
[NX v22.6.5 Daemon Server] - 2026-05-15T04:41:33.284Z - [LATEST-NX]: Pulling latest Nx...
Fetching nx...
[NX v22.6.5 Daemon Client] - 2026-05-15T04:41:33.289Z - [Client] Server available
[NX v22.6.5 Daemon Client] - 2026-05-15T04:41:33.289Z - [Client] Daemon server started, pid=52668
[NX v22.6.5 Daemon Client] - 2026-05-15T04:41:33.289Z - [Messenger] Setting up socket listeners
[NX v22.6.5 Daemon Client] - 2026-05-15T04:41:33.290Z - [Messenger] listen() complete
[NX v22.6.5 Daemon Client] - 2026-05-15T04:41:33.290Z - [Messenger] Sending message type: REQUEST_PROJECT_GRAPH
[NX v22.6.5 Daemon Client] - 2026-05-15T04:41:33.290Z - [Messenger] Message sent
[NX v22.6.5 Daemon Client] - 2026-05-15T04:41:33.363Z - [Client] Server available
[NX v22.6.5 Daemon Client] - 2026-05-15T04:41:33.363Z - [Messenger] Setting up socket listeners
[NX v22.6.5 Daemon Client] - 2026-05-15T04:41:33.363Z - [Messenger] listen() complete
[NX v22.6.5 Daemon Client] - 2026-05-15T04:41:33.363Z - [Messenger] Sending message type: REGISTER_PROJECT_GRAPH_LISTENER
[NX v22.6.5 Daemon Client] - 2026-05-15T04:41:33.363Z - [Messenger] Message sent
[NX v22.6.5 Daemon Client] - 2026-05-15T04:41:33.363Z - [ProjectGraphListener] Reconnected successfully
[NX v22.6.5 Daemon Client] - 2026-05-15T04:41:34.372Z - [Messenger] Setting up socket listeners
[NX v22.6.5 Daemon Client] - 2026-05-15T04:41:34.372Z - [Messenger] listen() complete
[NX v22.6.5 Daemon Client] - 2026-05-15T04:41:34.372Z - [Messenger] Sending message type: REQUEST_PROJECT_GRAPH
[NX v22.6.5 Daemon Client] - 2026-05-15T04:41:34.372Z - [Messenger] Message sent
[NX v22.6.5 Daemon Server] - 2026-05-15T04:41:34.517Z - [AI-AGENTS]: Starting agent configuration status computation
[NX v22.6.5 Daemon Server] - 2026-05-15T04:41:34.549Z - Established a connection. Number of open connections: 1
[NX v22.6.5 Daemon Server] - 2026-05-15T04:41:34.553Z - Established a connection. Number of open connections: 2
[NX v22.6.5 Daemon Server] - 2026-05-15T04:41:34.553Z - Closed a connection. Number of open connections: 1
[NX v22.6.5 Daemon Server] - 2026-05-15T04:41:34.554Z - Established a connection. Number of open connections: 2
[NX v22.6.5 Daemon Server] - 2026-05-15T04:41:34.554Z - Received raw message of length 32
[NX v22.6.5 Daemon Server] - 2026-05-15T04:41:34.555Z - Received json message of type REQUEST_PROJECT_GRAPH
[NX v22.6.5 Daemon Server] - 2026-05-15T04:41:34.555Z - [REQUEST]: Client Request for Project Graph Received
[NX v22.6.5 Daemon Server] - 2026-05-15T04:41:34.556Z - Established a connection. Number of open connections: 3
[NX v22.6.5 Daemon Server] - 2026-05-15T04:41:34.556Z - Closed a connection. Number of open connections: 2
[NX v22.6.5 Daemon Server] - 2026-05-15T04:41:34.556Z - Established a connection. Number of open connections: 3
[NX v22.6.5 Daemon Server] - 2026-05-15T04:41:34.556Z - Received raw message of length 42
[NX v22.6.5 Daemon Server] - 2026-05-15T04:41:34.556Z - Received json message of type REGISTER_PROJECT_GRAPH_LISTENER
[NX v22.6.5 Daemon Server] - 2026-05-15T04:41:34.556Z - Established a connection. Number of open connections: 4
[NX v22.6.5 Daemon Server] - 2026-05-15T04:41:34.556Z - Closed a connection. Number of open connections: 3
[NX v22.6.5 Daemon Server] - 2026-05-15T04:41:34.557Z - Established a connection. Number of open connections: 4
[NX v22.6.5 Daemon Server] - 2026-05-15T04:41:34.557Z - Closed a connection. Number of open connections: 3
[NX v22.6.5 Daemon Server] - 2026-05-15T04:41:34.557Z - Received raw message of length 32
[NX v22.6.5 Daemon Server] - 2026-05-15T04:41:34.557Z - Received json message of type REQUEST_PROJECT_GRAPH
[NX v22.6.5 Daemon Server] - 2026-05-15T04:41:34.557Z - [REQUEST]: Client Request for Project Graph Received
[NX v22.6.5 Daemon Server] - 2026-05-15T04:41:34.798Z - Time taken for 'start-plugin-worker:/home/venky/repos/servitude/node_modules/.pnpm/nx@22.6.5_@swc-node+register@1.11.1_@emnapi+core@1.10.0_@emnapi+runtime@1.10.0_@swc+cor_26f8a5e623910dc042f9602a3e963d01/node_modules/nx/src/plugins/js' 274.6222069999999ms
Time taken for 'plugin worker 52808 code loading' 165.571597ms
[NX v22.6.5 Daemon Server] - 2026-05-15T04:41:34.808Z - Time taken for 'start-plugin-worker:@nx/eslint/plugin' 270.4163850000002ms
Time taken for 'plugin worker 52816 code loading' 167.204704ms
[NX v22.6.5 Daemon Server] - 2026-05-15T04:41:34.818Z - Time taken for 'start-plugin-worker:@nx/jest/plugin' 274.02820700000007ms
Time taken for 'plugin worker 52822 code loading' 171.83425900000003ms
[NX v22.6.5 Daemon Server] - 2026-05-15T04:41:34.893Z - Time taken for 'start-plugin-worker:/home/venky/repos/servitude/node_modules/.pnpm/nx@22.6.5_@swc-node+register@1.11.1_@emnapi+core@1.10.0_@emnapi+runtime@1.10.0_@swc+cor_26f8a5e623910dc042f9602a3e963d01/node_modules/nx/src/plugins/project-json/build-nodes/project-json' 359.989515ms
Time taken for 'plugin worker 52815 code loading' 184.01339399999998ms
[NX v22.6.5 Daemon Server] - 2026-05-15T04:41:34.903Z - Time taken for 'start-plugin-worker:/home/venky/repos/servitude/node_modules/.pnpm/nx@22.6.5_@swc-node+register@1.11.1_@emnapi+core@1.10.0_@emnapi+runtime@1.10.0_@swc+cor_26f8a5e623910dc042f9602a3e963d01/node_modules/nx/src/plugins/package-json' 374.6057810000002ms
Time taken for 'plugin worker 52809 code loading' 183.09069699999998ms
[NX v22.6.5 Daemon Server] - 2026-05-15T04:41:35.373Z - Time taken for 'Load Nx Plugin: /home/venky/repos/servitude/node_modules/.pnpm/nx@22.6.5_@swc-node+register@1.11.1_@emnapi+core@1.10.0_@emnapi+runtime@1.10.0_@swc+cor_26f8a5e623910dc042f9602a3e963d01/node_modules/nx/src/plugins/js' 853.1846070000001ms
[NX v22.6.5 Daemon Server] - 2026-05-15T04:41:35.448Z - Time taken for 'Load Nx Plugin: @nx/jest/plugin' 926.6853020000003ms
[NX v22.6.5 Daemon Server] - 2026-05-15T04:41:35.460Z - Time taken for 'Load Nx Plugin: /home/venky/repos/servitude/node_modules/.pnpm/nx@22.6.5_@swc-node+register@1.11.1_@emnapi+core@1.10.0_@emnapi+runtime@1.10.0_@swc+cor_26f8a5e623910dc042f9602a3e963d01/node_modules/nx/src/plugins/project-json/build-nodes/project-json' 939.077677ms
[NX v22.6.5 Daemon Server] - 2026-05-15T04:41:35.480Z - Time taken for 'loadDefaultNxPlugins' 960.2922740000001ms
[NX v22.6.5 Daemon Server] - 2026-05-15T04:41:35.480Z - Time taken for 'Load Nx Plugin: /home/venky/repos/servitude/node_modules/.pnpm/nx@22.6.5_@swc-node+register@1.11.1_@emnapi+core@1.10.0_@emnapi+runtime@1.10.0_@swc+cor_26f8a5e623910dc042f9602a3e963d01/node_modules/nx/src/plugins/package-json' 959.4570059999999ms
[NX v22.6.5 Daemon Server] - 2026-05-15T04:41:35.484Z - [REQUEST]: Updated workspace context based on watched changes, recomputing project graph...
[NX v22.6.5 Daemon Server] - 2026-05-15T04:41:35.484Z - [REQUEST]: 
[NX v22.6.5 Daemon Server] - 2026-05-15T04:41:35.484Z - [REQUEST]: 
[NX v22.6.5 Daemon Server] - 2026-05-15T04:41:35.498Z - Reusing in-memory cached project graph because no files changed.
[NX v22.6.5 Daemon Server] - 2026-05-15T04:41:35.498Z - Reusing in-memory cached project graph because no files changed.
[NX v22.6.5 Daemon Server] - 2026-05-15T04:41:35.512Z - Time taken for 'loadSpecifiedNxPlugins' 961.992778ms
[NX v22.6.5 Daemon Server] - 2026-05-15T04:41:35.512Z - Time taken for 'Load Nx Plugin: @nx/eslint/plugin' 961.8781080000001ms
[NX v22.6.5 Daemon Server] - 2026-05-15T04:41:35.512Z - Time taken for 'hash changed files from watcher' 0.29531200000019453ms
Time taken for 'nx/js/dependencies-and-lockfile:createNodes' 96.183133ms
[NX v22.6.5 Daemon Server] - 2026-05-15T04:41:36.050Z - Established a connection. Number of open connections: 4
[NX v22.6.5 Daemon Server] - 2026-05-15T04:41:36.050Z - Closed a connection. Number of open connections: 3
[NX v22.6.5 Daemon Server] - 2026-05-15T04:41:36.051Z - Established a connection. Number of open connections: 4
[NX v22.6.5 Daemon Client] - 2026-05-15T04:41:36.051Z - [Messenger] Setting up socket listeners
[NX v22.6.5 Daemon Client] - 2026-05-15T04:41:36.052Z - [Messenger] listen() complete
[NX v22.6.5 Daemon Client] - 2026-05-15T04:41:36.052Z - [Messenger] Sending message type: HASH_MULTI_GLOB
[NX v22.6.5 Daemon Client] - 2026-05-15T04:41:36.053Z - [Messenger] Message sent
[NX v22.6.5 Daemon Server] - 2026-05-15T04:41:36.066Z - Established a connection. Number of open connections: 5
[NX v22.6.5 Daemon Server] - 2026-05-15T04:41:36.067Z - Established a connection. Number of open connections: 6
[NX v22.6.5 Daemon Server] - 2026-05-15T04:41:36.067Z - Closed a connection. Number of open connections: 5
[NX v22.6.5 Daemon Client] - 2026-05-15T04:41:36.067Z - [Messenger] Setting up socket listeners
[NX v22.6.5 Daemon Client] - 2026-05-15T04:41:36.068Z - [Messenger] listen() complete
[NX v22.6.5 Daemon Client] - 2026-05-15T04:41:36.069Z - [Messenger] Sending message type: GLOB
[NX v22.6.5 Daemon Client] - 2026-05-15T04:41:36.069Z - [Messenger] Message sent
Time taken for 'daemon-message-serialization-HASH_MULTI_GLOB' 0.17082200000004377ms
[NX v22.6.5 Daemon Server] - 2026-05-15T04:41:36.223Z - Received raw message of length 176
[NX v22.6.5 Daemon Server] - 2026-05-15T04:41:36.223Z - Received json message of type HASH_MULTI_GLOB
[NX v22.6.5 Daemon Server] - 2026-05-15T04:41:36.242Z - Serializing response for HASH_GLOB message in json mode
[NX v22.6.5 Daemon Server] - 2026-05-15T04:41:36.243Z - Responding to HASH_GLOB message
[NX v22.6.5 Daemon Server] - 2026-05-15T04:41:36.243Z - [REQUEST]: Responding to the client. handleHashMultiGlob
[NX v22.6.5 Daemon Server] - 2026-05-15T04:41:36.243Z - Done responding to the client handleHashMultiGlob
[NX v22.6.5 Daemon Server] - 2026-05-15T04:41:36.243Z - Handled json message HASH_GLOB. Handling time: 18. Response time: 1.
[NX v22.6.5 Daemon Client] - 2026-05-15T04:41:36.243Z - [Messenger] Received message, length: 136
Time taken for 'daemon-message-serialization-GLOB' 0.13029600000004393ms
[NX v22.6.5 Daemon Server] - 2026-05-15T04:41:36.244Z - Received raw message of length 73
[NX v22.6.5 Daemon Server] - 2026-05-15T04:41:36.244Z - Received json message of type GLOB
[NX v22.6.5 Daemon Server] - 2026-05-15T04:41:36.248Z - Serializing response for GLOB message in json mode
[NX v22.6.5 Daemon Server] - 2026-05-15T04:41:36.248Z - Responding to GLOB message
[NX v22.6.5 Daemon Server] - 2026-05-15T04:41:36.248Z - [REQUEST]: Responding to the client. handleGlob
[NX v22.6.5 Daemon Server] - 2026-05-15T04:41:36.248Z - Done responding to the client handleGlob
[NX v22.6.5 Daemon Server] - 2026-05-15T04:41:36.248Z - Handled json message GLOB. Handling time: 4. Response time: 0.
[NX v22.6.5 Daemon Client] - 2026-05-15T04:41:36.248Z - [Messenger] Received message, length: 3334
[NX v22.6.5 Daemon Client] - 2026-05-15T04:41:36.251Z - [Messenger] Sending message type: HASH_MULTI_GLOB
[NX v22.6.5 Daemon Client] - 2026-05-15T04:41:36.251Z - [Messenger] Message sent
[NX v22.6.5 Daemon Server] - 2026-05-15T04:41:36.251Z - Received raw message of length 1387
[NX v22.6.5 Daemon Server] - 2026-05-15T04:41:36.251Z - Received json message of type HASH_MULTI_GLOB
[NX v22.6.5 Daemon Server] - 2026-05-15T04:41:36.304Z - Serializing response for HASH_GLOB message in json mode
[NX v22.6.5 Daemon Server] - 2026-05-15T04:41:36.305Z - Responding to HASH_GLOB message
[NX v22.6.5 Daemon Server] - 2026-05-15T04:41:36.305Z - [REQUEST]: Responding to the client. handleHashMultiGlob
[NX v22.6.5 Daemon Server] - 2026-05-15T04:41:36.305Z - Done responding to the client handleHashMultiGlob
[NX v22.6.5 Daemon Server] - 2026-05-15T04:41:36.305Z - Handled json message HASH_GLOB. Handling time: 52. Response time: 1.
[NX v22.6.5 Daemon Client] - 2026-05-15T04:41:36.305Z - [Messenger] Received message, length: 338
Time taken for 'GLOB round trip' 180.60232699999983ms
Time taken for 'deserialize daemon response - GLOB' 0.18370299999992312ms
Time taken for 'daemon-message-serialization-HASH_MULTI_GLOB' 0.08942700000011428ms
Time taken for 'HASH_MULTI_GLOB round trip' 54.42430300000001ms
Time taken for 'deserialize daemon response - HASH_MULTI_GLOB' 0.07784200000014607ms
[NX v22.6.5 Daemon Server] - 2026-05-15T04:41:36.940Z - Closed a connection. Number of open connections: 4
[NX v22.6.5 Daemon Server] - 2026-05-15T04:41:37.260Z - [LATEST-NX]: Successfully pulled latest Nx to /tmp/tmp-52668-HdARZ3EQvDob
[NX v22.7.2 Daemon Server] - 2026-05-15T04:41:37.437Z - [NX-CONSOLE]: Using local implementation (NX_USE_LOCAL=true or inner call)
DEBUG nx::native::ide::install: Detected editor: Unknown
[NX v22.6.5 Daemon Server] - 2026-05-15T04:41:37.440Z - [NX-CONSOLE]: Console status check completed, shouldPrompt: false
[NX v22.6.5 Daemon Server] - 2026-05-15T04:41:37.758Z - Time taken for 'build-project-configs' 2228.8705990000003ms
[NX v22.6.5 Daemon Server] - 2026-05-15T04:41:37.758Z - Time taken for 'createNodes:merge' 285.74385900000016ms
[NX v22.6.5 Daemon Server] - 2026-05-15T04:41:37.758Z - Time taken for 'native-file-deps' 0.026313999999729276ms
[NX v22.6.5 Daemon Server] - 2026-05-15T04:41:37.758Z - Time taken for 'get-workspace-files' 4.611942999999883ms
[NX v22.6.5 Daemon Server] - 2026-05-15T04:41:37.758Z - Time taken for 'get-all-workspace-files' 0.3419759999997041ms
[NX v22.6.5 Daemon Server] - 2026-05-15T04:41:37.758Z - Time taken for 'read cache' 0.16204799999923125ms
[NX v22.6.5 Daemon Server] - 2026-05-15T04:41:37.777Z - Closed a connection. Number of open connections: 3
[NX v22.6.5 Daemon Server] - 2026-05-15T04:41:37.836Z - [SYNC]: collect registered sync generators
[NX v22.6.5 Daemon Server] - 2026-05-15T04:41:37.843Z - Wrote project graph cache to /home/venky/repos/servitude/.nx/workspace-data/project-graph.json
[NX v22.6.5 Daemon Server] - 2026-05-15T04:41:37.844Z - Serializing response for PROJECT_GRAPH_UPDATED message in json mode
[NX v22.6.5 Daemon Server] - 2026-05-15T04:41:37.847Z - Responding to PROJECT_GRAPH_UPDATED message
[NX v22.6.5 Daemon Server] - 2026-05-15T04:41:37.847Z - [REQUEST]: Responding to the client. Project graph updated
[NX v22.6.5 Daemon Server] - 2026-05-15T04:41:37.848Z - Serializing response for REQUEST_PROJECT_GRAPH message in json mode
[NX v22.6.5 Daemon Server] - 2026-05-15T04:41:37.848Z - Responding to REQUEST_PROJECT_GRAPH message
[NX v22.6.5 Daemon Server] - 2026-05-15T04:41:37.848Z - [REQUEST]: Responding to the client. project-graph
[NX v22.6.5 Daemon Server] - 2026-05-15T04:41:37.849Z - Serializing response for REQUEST_PROJECT_GRAPH message in json mode
[NX v22.6.5 Daemon Server] - 2026-05-15T04:41:37.849Z - Responding to REQUEST_PROJECT_GRAPH message
[NX v22.6.5 Daemon Server] - 2026-05-15T04:41:37.849Z - [REQUEST]: Responding to the client. project-graph
[NX v22.6.5 Daemon Server] - 2026-05-15T04:41:37.850Z - Time taken for 'total for creating and serializing project graph' 3291.2311670000004ms
[NX v22.6.5 Daemon Server] - 2026-05-15T04:41:37.850Z - Time taken for 'total for creating and serializing project graph' 3291.2810889999996ms
[NX v22.6.5 Daemon Server] - 2026-05-15T04:41:37.850Z - Time taken for 'total execution time for createProjectGraph()' 90.03016800000023ms
[NX v22.6.5 Daemon Server] - 2026-05-15T04:41:37.850Z - Time taken for 'createDependencies' 76.16609499999959ms
[NX v22.6.5 Daemon Server] - 2026-05-15T04:41:37.850Z - Time taken for 'nx/js/dependencies-and-lockfile:createDependencies' 75.81889899999987ms
[NX v22.6.5 Daemon Server] - 2026-05-15T04:41:37.851Z - Time taken for 'createMetadata' 0.0687049999996816ms
[NX v22.6.5 Daemon Server] - 2026-05-15T04:41:37.851Z - Time taken for 'serialize graph' 3.733661000000211ms
[NX v22.6.5 Daemon Server] - 2026-05-15T04:41:37.851Z - Time taken for 'write cache' 6.26850099999956ms
[NX v22.6.5 Daemon Server] - 2026-05-15T04:41:37.857Z - Done responding to the client project-graph
[NX v22.6.5 Daemon Server] - 2026-05-15T04:41:37.857Z - Handled json message REQUEST_PROJECT_GRAPH. Handling time: 3293. Response time: 9.
[NX v22.6.5 Daemon Server] - 2026-05-15T04:41:37.858Z - Done responding to the client Project graph updated
[NX v22.6.5 Daemon Server] - 2026-05-15T04:41:37.858Z - Handled json message PROJECT_GRAPH_UPDATED. Handling time: 7. Response time: 14.
[NX v22.6.5 Daemon Client] - 2026-05-15T04:41:37.859Z - [Messenger] Received message, length: 922491
[NX v22.6.5 Daemon Client] - 2026-05-15T04:41:37.862Z - [Messenger] Received message, length: 922498
[NX v22.6.5 Daemon Server] - 2026-05-15T04:41:37.867Z - Done responding to the client project-graph
[NX v22.6.5 Daemon Server] - 2026-05-15T04:41:37.867Z - Handled json message REQUEST_PROJECT_GRAPH. Handling time: 3292. Response time: 18.
[NX v22.6.5 Daemon Client] - 2026-05-15T04:41:37.869Z - [Messenger] Received message, length: 922498
[NX v22.6.5 Daemon Client] - 2026-05-15T04:41:37.871Z - [Messenger] Sending message type: PRE_TASKS_EXECUTION
[NX v22.6.5 Daemon Client] - 2026-05-15T04:41:37.871Z - [Messenger] Message sent
[NX v22.6.5 Daemon Server] - 2026-05-15T04:41:37.871Z - Received raw message of length 727
[NX v22.6.5 Daemon Server] - 2026-05-15T04:41:37.871Z - Received json message of type PRE_TASKS_EXECUTION
[NX v22.6.5 Daemon Server] - 2026-05-15T04:41:37.873Z - Serializing response for PRE_TASKS_EXECUTION message in json mode
[NX v22.6.5 Daemon Server] - 2026-05-15T04:41:37.874Z - Responding to PRE_TASKS_EXECUTION message
[NX v22.6.5 Daemon Server] - 2026-05-15T04:41:37.874Z - [REQUEST]: Responding to the client. handleRunPreTasksExecution
[NX v22.6.5 Daemon Server] - 2026-05-15T04:41:37.874Z - Done responding to the client handleRunPreTasksExecution
[NX v22.6.5 Daemon Server] - 2026-05-15T04:41:37.874Z - Handled json message PRE_TASKS_EXECUTION. Handling time: 1. Response time: 1.
[NX v22.6.5 Daemon Server] - 2026-05-15T04:41:37.874Z - Time taken for 'preTasksExecution' 1.2635500000005777ms
[NX v22.6.5 Daemon Client] - 2026-05-15T04:41:37.874Z - [Messenger] Received message, length: 2
[NX v22.6.5 Daemon Client] - 2026-05-15T04:41:37.879Z - [Messenger] Sending message type: GET_CONTEXT_FILE_DATA
[NX v22.6.5 Daemon Client] - 2026-05-15T04:41:37.879Z - [Messenger] Message sent
[NX v22.6.5 Daemon Server] - 2026-05-15T04:41:37.880Z - Received raw message of length 32
[NX v22.6.5 Daemon Server] - 2026-05-15T04:41:37.880Z - Received json message of type GET_CONTEXT_FILE_DATA
[NX v22.6.5 Daemon Server] - 2026-05-15T04:41:37.880Z - Serializing response for GET_CONTEXT_FILE_DATA message in json mode
[NX v22.6.5 Daemon Server] - 2026-05-15T04:41:37.881Z - Responding to GET_CONTEXT_FILE_DATA message
[NX v22.6.5 Daemon Server] - 2026-05-15T04:41:37.881Z - [REQUEST]: Responding to the client. handleContextFileData
[NX v22.6.5 Daemon Server] - 2026-05-15T04:41:37.881Z - Done responding to the client handleContextFileData
[NX v22.6.5 Daemon Server] - 2026-05-15T04:41:37.881Z - Handled json message GET_CONTEXT_FILE_DATA. Handling time: 0. Response time: 1.
[NX v22.6.5 Daemon Client] - 2026-05-15T04:41:37.888Z - [Messenger] Received message, length: 15078
[NX v22.6.5 Daemon Client] - 2026-05-15T04:41:37.897Z - [Messenger] Sending message type: HASH_TASKS
[NX v22.6.5 Daemon Client] - 2026-05-15T04:41:37.897Z - [Messenger] Message sent
[NX v22.6.5 Daemon Server] - 2026-05-15T04:41:37.898Z - Received raw message of length 5740
[NX v22.6.5 Daemon Server] - 2026-05-15T04:41:37.898Z - Received json message of type HASH_TASKS
[NX v22.6.5 Daemon Server] - 2026-05-15T04:41:37.899Z - Reusing in-memory cached project graph because no files changed.
DEBUG nx::native::tasks::hash_planner: get_plans_internal COMPLETED in 4.261342ms - processed 1 tasks (setup: 3.979666ms, parallel_planning: 266.624µs)
DEBUG nx::native::tasks::hashers::hash_workspace_files: Hashing workspace fileset with inputs: Adding "2633700893954941114" (".gitignore") to hash
DEBUG nx::native::tasks::hashers::hash_workspace_files: Hashing workspace fileset with inputs: Adding "14069730223483982355" ("nx.json") to hash
DEBUG nx::native::tasks::hashers::hash_workspace_files: Hashing workspace fileset with inputs: Hash Value: "15088170571084236776"
[NX v22.6.5 Daemon Client] - 2026-05-15T04:41:37.916Z - [Messenger] Setting up socket listeners
[NX v22.6.5 Daemon Client] - 2026-05-15T04:41:37.916Z - [Messenger] listen() complete
[NX v22.6.5 Daemon Client] - 2026-05-15T04:41:37.916Z - [Messenger] Sending message type: REGISTER_PROJECT_GRAPH_LISTENER
[NX v22.6.5 Daemon Client] - 2026-05-15T04:41:37.916Z - [Messenger] Message sent
DEBUG nx::native::tasks::task_hasher: hash_plans COMPLETED in 6.645778ms - processed 1 plans (setup: 448.312µs, hashing: 6.19033ms, assembly: 841.633µs)
[NX v22.6.5 Daemon Server] - 2026-05-15T04:41:37.922Z - Serializing response for HASH_TASKS message in json mode
[NX v22.6.5 Daemon Server] - 2026-05-15T04:41:37.922Z - Responding to HASH_TASKS message
[NX v22.6.5 Daemon Server] - 2026-05-15T04:41:37.922Z - [REQUEST]: Responding to the client. handleHashTasks
[NX v22.6.5 Daemon Server] - 2026-05-15T04:41:37.923Z - Done responding to the client handleHashTasks
[NX v22.6.5 Daemon Server] - 2026-05-15T04:41:37.923Z - Handled json message HASH_TASKS. Handling time: 24. Response time: 1.
[NX v22.6.5 Daemon Client] - 2026-05-15T04:41:37.923Z - [Messenger] Received message, length: 34881
[NX v22.6.5 Daemon Server] - 2026-05-15T04:41:37.924Z - Established a connection. Number of open connections: 4
[NX v22.6.5 Daemon Server] - 2026-05-15T04:41:37.925Z - Closed a connection. Number of open connections: 3
[NX v22.6.5 Daemon Server] - 2026-05-15T04:41:37.925Z - Established a connection. Number of open connections: 4
[NX v22.6.5 Daemon Server] - 2026-05-15T04:41:37.925Z - Closed a connection. Number of open connections: 3
[NX v22.6.5 Daemon Server] - 2026-05-15T04:41:37.925Z - Received raw message of length 42
[NX v22.6.5 Daemon Server] - 2026-05-15T04:41:37.925Z - Received json message of type REGISTER_PROJECT_GRAPH_LISTENER
DEBUG nx::native::telemetry::service: Sent 1 events: [nx/js/dependencies-and-lockfile:createDe]
[NX v22.6.5 Daemon Client] - 2026-05-15T04:41:37.944Z - [Messenger] Sending message type: GET_ESTIMATED_TASK_TIMINGS
[NX v22.6.5 Daemon Client] - 2026-05-15T04:41:37.944Z - [Messenger] Message sent
[NX v22.6.5 Daemon Server] - 2026-05-15T04:41:37.945Z - Received raw message of length 88
[NX v22.6.5 Daemon Server] - 2026-05-15T04:41:37.945Z - Received json message of type GET_ESTIMATED_TASK_TIMINGS
[NX v22.6.5 Daemon Server] - 2026-05-15T04:41:37.947Z - Serializing response for GET_ESTIMATED_TASK_TIMINGS message in json mode
[NX v22.6.5 Daemon Server] - 2026-05-15T04:41:37.947Z - Responding to GET_ESTIMATED_TASK_TIMINGS message
[NX v22.6.5 Daemon Server] - 2026-05-15T04:41:37.947Z - [REQUEST]: Responding to the client. handleGetEstimatedTaskTimings
[NX v22.6.5 Daemon Server] - 2026-05-15T04:41:37.947Z - Done responding to the client handleGetEstimatedTaskTimings
[NX v22.6.5 Daemon Server] - 2026-05-15T04:41:37.947Z - Handled json message GET_ESTIMATED_TASK_TIMINGS. Handling time: 2. Response time: 0.
[NX v22.6.5 Daemon Client] - 2026-05-15T04:41:37.947Z - [Messenger] Received message, length: 2
DEBUG nx::native::ide::install: Editor command 'code' is installed
DEBUG nx::native::ide::install: Editor command 'code-insiders' not found
DEBUG nx::native::ide::install: Checking if Nx Console extension is installed with: code --list-extensions
[NX v22.6.5 Daemon Client] - 2026-05-15T04:41:38.873Z - [Messenger] Sending message type: GET_CONTEXT_FILE_DATA
[NX v22.6.5 Daemon Server] - 2026-05-15T04:41:38.873Z - Established a connection. Number of open connections: 4
[NX v22.6.5 Daemon Client] - 2026-05-15T04:41:38.873Z - [Messenger] Message sent
[NX v22.6.5 Daemon Server] - 2026-05-15T04:41:38.873Z - Received raw message of length 32
[NX v22.6.5 Daemon Server] - 2026-05-15T04:41:38.873Z - Received json message of type GET_CONTEXT_FILE_DATA
[NX v22.6.5 Daemon Server] - 2026-05-15T04:41:38.873Z - Serializing response for GET_CONTEXT_FILE_DATA message in json mode
[NX v22.6.5 Daemon Server] - 2026-05-15T04:41:38.873Z - Responding to GET_CONTEXT_FILE_DATA message
[NX v22.6.5 Daemon Server] - 2026-05-15T04:41:38.873Z - [REQUEST]: Responding to the client. handleContextFileData
[NX v22.6.5 Daemon Server] - 2026-05-15T04:41:38.874Z - Done responding to the client handleContextFileData
[NX v22.6.5 Daemon Server] - 2026-05-15T04:41:38.874Z - Handled json message GET_CONTEXT_FILE_DATA. Handling time: 0. Response time: 1.
[NX v22.6.5 Daemon Client] - 2026-05-15T04:41:38.874Z - [Messenger] Received message, length: 15078
[NX v22.6.5 Daemon Server] - 2026-05-15T04:41:38.874Z - Closed a connection. Number of open connections: 3
[NX v22.6.5 Daemon Server] - 2026-05-15T04:41:38.892Z - Closed a connection. Number of open connections: 2
[NX v22.6.5 Daemon Client] - 2026-05-15T04:41:38.892Z - [ProjectGraphListener] Socket closed, triggering reconnection
[NX v22.6.5 Daemon Server] - 2026-05-15T04:41:38.896Z - Established a connection. Number of open connections: 3
[NX v22.6.5 Daemon Client] - 2026-05-15T04:41:38.897Z - [Messenger] Setting up socket listeners
[NX v22.6.5 Daemon Server] - 2026-05-15T04:41:38.897Z - Established a connection. Number of open connections: 4
[NX v22.6.5 Daemon Client] - 2026-05-15T04:41:38.897Z - [Messenger] listen() complete
[NX v22.6.5 Daemon Client] - 2026-05-15T04:41:38.897Z - [Messenger] Sending message type: REGISTER_PROJECT_GRAPH_LISTENER
[NX v22.6.5 Daemon Client] - 2026-05-15T04:41:38.897Z - [Messenger] Message sent
[NX v22.6.5 Daemon Server] - 2026-05-15T04:41:38.897Z - Closed a connection. Number of open connections: 3
[NX v22.6.5 Daemon Server] - 2026-05-15T04:41:38.898Z - Received raw message of length 42
[NX v22.6.5 Daemon Server] - 2026-05-15T04:41:38.898Z - Received json message of type REGISTER_PROJECT_GRAPH_LISTENER
[NX v22.6.5 Daemon Client] - 2026-05-15T04:41:39.371Z - [Messenger] Sending message type: RECORD_OUTPUTS_HASH
[NX v22.6.5 Daemon Client] - 2026-05-15T04:41:39.371Z - [Messenger] Message sent
[NX v22.6.5 Daemon Server] - 2026-05-15T04:41:39.371Z - Received raw message of length 82
[NX v22.6.5 Daemon Server] - 2026-05-15T04:41:39.372Z - Received json message of type RECORD_OUTPUTS_HASH
[NX v22.6.5 Daemon Server] - 2026-05-15T04:41:39.372Z - Serializing response for RECORD_OUTPUTS_HASH message in json mode
[NX v22.6.5 Daemon Server] - 2026-05-15T04:41:39.372Z - Responding to RECORD_OUTPUTS_HASH message
[NX v22.6.5 Daemon Server] - 2026-05-15T04:41:39.372Z - [REQUEST]: Responding to the client. recordOutputsHash
[NX v22.6.5 Daemon Server] - 2026-05-15T04:41:39.372Z - Done responding to the client recordOutputsHash
[NX v22.6.5 Daemon Server] - 2026-05-15T04:41:39.372Z - Handled json message RECORD_OUTPUTS_HASH. Handling time: 0. Response time: 0.
[NX v22.6.5 Daemon Client] - 2026-05-15T04:41:39.372Z - [Messenger] Received message, length: 2
[NX v22.6.5 Daemon Client] - 2026-05-15T04:41:39.375Z - [Messenger] Sending message type: RECORD_TASK_RUNS
[NX v22.6.5 Daemon Client] - 2026-05-15T04:41:39.376Z - [Messenger] Message sent
[NX v22.6.5 Daemon Server] - 2026-05-15T04:41:39.376Z - Received raw message of length 208
[NX v22.6.5 Daemon Server] - 2026-05-15T04:41:39.376Z - Received json message of type RECORD_TASK_RUNS
[NX v22.6.5 Daemon Server] - 2026-05-15T04:41:39.383Z - Serializing response for RECORD_TASK_RUNS message in json mode
[NX v22.6.5 Daemon Server] - 2026-05-15T04:41:39.383Z - Responding to RECORD_TASK_RUNS message
[NX v22.6.5 Daemon Server] - 2026-05-15T04:41:39.383Z - [REQUEST]: Responding to the client. handleRecordTaskRuns
[NX v22.6.5 Daemon Server] - 2026-05-15T04:41:39.383Z - Done responding to the client handleRecordTaskRuns
[NX v22.6.5 Daemon Server] - 2026-05-15T04:41:39.383Z - Handled json message RECORD_TASK_RUNS. Handling time: 7. Response time: 0.
[NX v22.6.5 Daemon Client] - 2026-05-15T04:41:39.384Z - [Messenger] Received message, length: 4
[NX v22.6.5 Daemon Server] - 2026-05-15T04:41:39.385Z - Established a connection. Number of open connections: 4
[NX v22.6.5 Daemon Client] - 2026-05-15T04:41:39.385Z - [Messenger] Sending message type: GET_CONFIGURE_AI_AGENTS_STATUS
[NX v22.6.5 Daemon Client] - 2026-05-15T04:41:39.385Z - [Messenger] Message sent
[NX v22.6.5 Daemon Server] - 2026-05-15T04:41:39.386Z - Received raw message of length 41
[NX v22.6.5 Daemon Server] - 2026-05-15T04:41:39.386Z - Received json message of type GET_CONFIGURE_AI_AGENTS_STATUS
[NX v22.6.5 Daemon Server] - 2026-05-15T04:41:39.387Z - Serializing response for GET_CONFIGURE_AI_AGENTS_STATUS message in json mode
[NX v22.6.5 Daemon Server] - 2026-05-15T04:41:39.387Z - Responding to GET_CONFIGURE_AI_AGENTS_STATUS message
[NX v22.6.5 Daemon Server] - 2026-05-15T04:41:39.387Z - [REQUEST]: Responding to the client. handleGetConfigureAiAgentsStatus
[NX v22.6.5 Daemon Server] - 2026-05-15T04:41:39.387Z - Done responding to the client handleGetConfigureAiAgentsStatus
[NX v22.6.5 Daemon Server] - 2026-05-15T04:41:39.387Z - Handled json message GET_CONFIGURE_AI_AGENTS_STATUS. Handling time: 0. Response time: 0.
[NX v22.6.5 Daemon Client] - 2026-05-15T04:41:39.387Z - [Messenger] Received message, length: 104
[NX v22.6.5 Daemon Server] - 2026-05-15T04:41:39.387Z - Closed a connection. Number of open connections: 3
DEBUG nx::native::ide::install: Nx Console extension is installed
[NX v22.6.5 Daemon Client] - 2026-05-15T04:41:39.821Z - [Messenger] Sending message type: POST_TASKS_EXECUTION
[NX v22.6.5 Daemon Client] - 2026-05-15T04:41:39.821Z - [Messenger] Message sent
[NX v22.6.5 Daemon Server] - 2026-05-15T04:41:40.636Z - Received raw message of length 38025
[NX v22.6.5 Daemon Server] - 2026-05-15T04:41:40.637Z - Received json message of type POST_TASKS_EXECUTION
[NX v22.6.5 Daemon Server] - 2026-05-15T04:41:40.638Z - Serializing response for POST_TASKS_EXECUTION message in json mode
[NX v22.6.5 Daemon Server] - 2026-05-15T04:41:40.638Z - Responding to POST_TASKS_EXECUTION message
[NX v22.6.5 Daemon Server] - 2026-05-15T04:41:40.638Z - [REQUEST]: Responding to the client. handleRunPostTasksExecution
[NX v22.6.5 Daemon Server] - 2026-05-15T04:41:40.638Z - Done responding to the client handleRunPostTasksExecution
[NX v22.6.5 Daemon Server] - 2026-05-15T04:41:40.638Z - Handled json message POST_TASKS_EXECUTION. Handling time: 1. Response time: 0.
[NX v22.6.5 Daemon Client] - 2026-05-15T04:41:40.638Z - [Messenger] Received message, length: 4
[NX v22.6.5 Daemon Server] - 2026-05-15T04:41:40.638Z - Time taken for 'postTasksExecution' 0.27995300000020507ms
[NX v22.6.5 Daemon Server] - 2026-05-15T04:41:40.652Z - Closed a connection. Number of open connections: 2
DEBUG nx::native::ide::install: Editor command 'code' is installed
DEBUG nx::native::ide::install: Checking if Nx Console extension is installed with: code --list-extensions
DEBUG nx::native::ide::install: Nx Console extension is installed
DEBUG nx::native::ide::install: Editor command 'code-insiders' not found
DEBUG nx::native::ide::install: Cursor extension installation not supported on this platform
DEBUG nx::native::ide::install: No command available for editor: Cursor
DEBUG nx::native::ide::install: Cursor extension installation not supported on this platform
[NX v22.6.5 Daemon Server] - 2026-05-15T04:41:42.853Z - [AI-AGENTS]: Agent configuration status computation completed: 1 fully configured, 1 outdated, 2 partially configured, 2 non-configured
[NX v22.6.5 Daemon Server] - 2026-05-15T04:44:29.605Z - [WATCHER]: apps/gateway/gateway.ts was modified
[NX v22.6.5 Daemon Server] - 2026-05-15T04:44:29.606Z - [SYNC]: clearing sync generators cache due to file changes
[NX v22.6.5 Daemon Server] - 2026-05-15T04:44:29.607Z - [WATCHER]: Processing file changes in outputs
[NX v22.6.5 Daemon Server] - 2026-05-15T04:44:29.708Z - [REQUEST]: Updated workspace context based on watched changes, recomputing project graph...
[NX v22.6.5 Daemon Server] - 2026-05-15T04:44:29.708Z - [REQUEST]: apps/gateway/gateway.ts
[NX v22.6.5 Daemon Server] - 2026-05-15T04:44:29.708Z - [REQUEST]: 
[NX v22.6.5 Daemon Server] - 2026-05-15T04:44:29.771Z - Time taken for 'hash changed files from watcher' 0.40924700000323355ms
[NX v22.6.5 Daemon Server] - 2026-05-15T04:44:29.991Z - Time taken for 'start-plugin-worker:@nx/eslint/plugin' 264.1972600000154ms
Time taken for 'plugin worker 54019 code loading' 149.605911ms
[NX v22.6.5 Daemon Server] - 2026-05-15T04:44:29.993Z - Time taken for 'start-plugin-worker:@nx/jest/plugin' 254.65896800000337ms
[NX v22.6.5 Daemon Server] - 2026-05-15T04:44:29.993Z - Time taken for 'start-plugin-worker:nx/js/dependencies-and-lockfile' 246.75999300001422ms
Time taken for 'plugin worker 54021 code loading' 153.136513ms
Time taken for 'plugin worker 54022 code loading' 148.478758ms
Time taken for 'plugin worker 54028 code loading' 162.86053900000002ms
Time taken for 'plugin worker 54035 code loading' 153.203135ms
[NX v22.6.5 Daemon Server] - 2026-05-15T04:44:30.026Z - Time taken for 'start-plugin-worker:nx/core/package-json' 270.47667599999113ms
[NX v22.6.5 Daemon Server] - 2026-05-15T04:44:30.027Z - Time taken for 'start-plugin-worker:nx/core/project-json' 262.77968100001453ms
Time taken for 'nx/js/dependencies-and-lockfile:createNodes' 14.845740999999975ms
[NX v22.6.5 Daemon Server] - 2026-05-15T04:44:30.935Z - Established a connection. Number of open connections: 3
[NX v22.6.5 Daemon Server] - 2026-05-15T04:44:30.938Z - Closed a connection. Number of open connections: 2
[NX v22.6.5 Daemon Server] - 2026-05-15T04:44:30.938Z - Established a connection. Number of open connections: 3
[NX v22.6.5 Daemon Client] - 2026-05-15T04:44:30.938Z - [Messenger] Setting up socket listeners
[NX v22.6.5 Daemon Client] - 2026-05-15T04:44:30.939Z - [Messenger] listen() complete
[NX v22.6.5 Daemon Client] - 2026-05-15T04:44:30.939Z - [Messenger] Sending message type: HASH_MULTI_GLOB
[NX v22.6.5 Daemon Client] - 2026-05-15T04:44:30.940Z - [Messenger] Message sent
[NX v22.6.5 Daemon Server] - 2026-05-15T04:44:30.951Z - Established a connection. Number of open connections: 4
[NX v22.6.5 Daemon Server] - 2026-05-15T04:44:30.954Z - Closed a connection. Number of open connections: 3
[NX v22.6.5 Daemon Server] - 2026-05-15T04:44:30.954Z - Established a connection. Number of open connections: 4
[NX v22.6.5 Daemon Client] - 2026-05-15T04:44:30.954Z - [Messenger] Setting up socket listeners
[NX v22.6.5 Daemon Client] - 2026-05-15T04:44:30.955Z - [Messenger] listen() complete
[NX v22.6.5 Daemon Client] - 2026-05-15T04:44:30.955Z - [Messenger] Sending message type: GLOB
[NX v22.6.5 Daemon Client] - 2026-05-15T04:44:30.955Z - [Messenger] Message sent
Time taken for 'daemon-message-serialization-GLOB' 0.08135399999991932ms
Time taken for 'daemon-message-serialization-HASH_MULTI_GLOB' 0.07840600000008635ms
[NX v22.6.5 Daemon Server] - 2026-05-15T04:44:31.074Z - Received raw message of length 176
[NX v22.6.5 Daemon Server] - 2026-05-15T04:44:31.074Z - Received json message of type HASH_MULTI_GLOB
[NX v22.6.5 Daemon Server] - 2026-05-15T04:44:31.088Z - Serializing response for HASH_GLOB message in json mode
[NX v22.6.5 Daemon Server] - 2026-05-15T04:44:31.088Z - Responding to HASH_GLOB message
[NX v22.6.5 Daemon Server] - 2026-05-15T04:44:31.088Z - [REQUEST]: Responding to the client. handleHashMultiGlob
[NX v22.6.5 Daemon Server] - 2026-05-15T04:44:31.088Z - Done responding to the client handleHashMultiGlob
[NX v22.6.5 Daemon Server] - 2026-05-15T04:44:31.088Z - Handled json message HASH_GLOB. Handling time: 14. Response time: 0.
[NX v22.6.5 Daemon Server] - 2026-05-15T04:44:31.088Z - Received raw message of length 73
[NX v22.6.5 Daemon Server] - 2026-05-15T04:44:31.089Z - Received json message of type GLOB
[NX v22.6.5 Daemon Client] - 2026-05-15T04:44:31.089Z - [Messenger] Received message, length: 136
[NX v22.6.5 Daemon Server] - 2026-05-15T04:44:31.091Z - Serializing response for GLOB message in json mode
[NX v22.6.5 Daemon Server] - 2026-05-15T04:44:31.091Z - Responding to GLOB message
[NX v22.6.5 Daemon Server] - 2026-05-15T04:44:31.091Z - [REQUEST]: Responding to the client. handleGlob
[NX v22.6.5 Daemon Server] - 2026-05-15T04:44:31.091Z - Done responding to the client handleGlob
[NX v22.6.5 Daemon Server] - 2026-05-15T04:44:31.091Z - Handled json message GLOB. Handling time: 2. Response time: 0.
[NX v22.6.5 Daemon Client] - 2026-05-15T04:44:31.091Z - [Messenger] Received message, length: 3334
[NX v22.6.5 Daemon Client] - 2026-05-15T04:44:31.093Z - [Messenger] Sending message type: HASH_MULTI_GLOB
[NX v22.6.5 Daemon Client] - 2026-05-15T04:44:31.093Z - [Messenger] Message sent
[NX v22.6.5 Daemon Server] - 2026-05-15T04:44:31.094Z - Received raw message of length 1387
[NX v22.6.5 Daemon Server] - 2026-05-15T04:44:31.094Z - Received json message of type HASH_MULTI_GLOB
[NX v22.6.5 Daemon Server] - 2026-05-15T04:44:31.130Z - Serializing response for HASH_GLOB message in json mode
[NX v22.6.5 Daemon Server] - 2026-05-15T04:44:31.130Z - Responding to HASH_GLOB message
[NX v22.6.5 Daemon Server] - 2026-05-15T04:44:31.130Z - [REQUEST]: Responding to the client. handleHashMultiGlob
[NX v22.6.5 Daemon Server] - 2026-05-15T04:44:31.131Z - Done responding to the client handleHashMultiGlob
[NX v22.6.5 Daemon Server] - 2026-05-15T04:44:31.131Z - Handled json message HASH_GLOB. Handling time: 36. Response time: 1.
Time taken for 'GLOB round trip' 136.65919500000018ms
Time taken for 'deserialize daemon response - GLOB' 0.19378900000015165ms
Time taken for 'daemon-message-serialization-HASH_MULTI_GLOB' 0.04937900000004447ms
[NX v22.6.5 Daemon Client] - 2026-05-15T04:44:31.131Z - [Messenger] Received message, length: 340
[NX v22.6.5 Daemon Server] - 2026-05-15T04:44:31.132Z - Closed a connection. Number of open connections: 3
Time taken for 'HASH_MULTI_GLOB round trip' 37.74878899999999ms
Time taken for 'deserialize daemon response - HASH_MULTI_GLOB' 0.030994999999848005ms
[NX v22.6.5 Daemon Server] - 2026-05-15T04:44:31.916Z - Time taken for 'build-project-configs' 2177.97331999999ms
[NX v22.6.5 Daemon Server] - 2026-05-15T04:44:31.916Z - Time taken for 'createNodes:merge' 4.633076999976765ms
[NX v22.6.5 Daemon Server] - 2026-05-15T04:44:31.916Z - Time taken for 'get-all-workspace-files' 0.18228300000191666ms
[NX v22.6.5 Daemon Server] - 2026-05-15T04:44:31.939Z - Closed a connection. Number of open connections: 2
Time taken for 'build typescript dependencies' 9.77373899999975ms
[NX v22.6.5 Daemon Server] - 2026-05-15T04:44:31.953Z - [SYNC]: collect registered sync generators
[NX v22.6.5 Daemon Server] - 2026-05-15T04:44:31.954Z - [SYNC]: project graph hash is the same, not collecting task sync generators
[NX v22.6.5 Daemon Server] - 2026-05-15T04:44:31.954Z - [SYNC]: nx.json hash is the same, not collecting global sync generators
[NX v22.6.5 Daemon Server] - 2026-05-15T04:44:31.954Z - Serializing response for PROJECT_GRAPH_UPDATED message in json mode
[NX v22.6.5 Daemon Server] - 2026-05-15T04:44:31.957Z - Responding to PROJECT_GRAPH_UPDATED message
[NX v22.6.5 Daemon Server] - 2026-05-15T04:44:31.957Z - [REQUEST]: Responding to the client. Project graph updated
[NX v22.6.5 Daemon Server] - 2026-05-15T04:44:31.959Z - Time taken for 'total execution time for createProjectGraph()' 49.05444800000987ms
[NX v22.6.5 Daemon Server] - 2026-05-15T04:44:31.959Z - Time taken for 'createDependencies' 35.73959199999808ms
[NX v22.6.5 Daemon Server] - 2026-05-15T04:44:31.959Z - Time taken for 'nx/js/dependencies-and-lockfile:createDependencies' 35.59293899999466ms
[NX v22.6.5 Daemon Server] - 2026-05-15T04:44:31.959Z - Time taken for 'createMetadata' 0.036847000010311604ms
[NX v22.6.5 Daemon Server] - 2026-05-15T04:44:31.959Z - Time taken for 'serialize graph' 4.192156999983126ms
[NX v22.6.5 Daemon Server] - 2026-05-15T04:44:31.965Z - Done responding to the client Project graph updated
[NX v22.6.5 Daemon Server] - 2026-05-15T04:44:31.966Z - Handled json message PROJECT_GRAPH_UPDATED. Handling time: 0. Response time: 12.
[NX v22.6.5 Daemon Client] - 2026-05-15T04:44:31.967Z - [Messenger] Received message, length: 922491
DEBUG nx::native::telemetry::service: Sent 1 events: [nx/js/dependencies-and-lockfile:createDe]
[NX v22.6.5 Daemon Client] - 2026-05-15T04:44:32.990Z - [Messenger] Sending message type: GET_CONTEXT_FILE_DATA
[NX v22.6.5 Daemon Server] - 2026-05-15T04:44:32.990Z - Established a connection. Number of open connections: 3
[NX v22.6.5 Daemon Client] - 2026-05-15T04:44:32.991Z - [Messenger] Message sent
[NX v22.6.5 Daemon Server] - 2026-05-15T04:44:32.991Z - Received raw message of length 32
[NX v22.6.5 Daemon Server] - 2026-05-15T04:44:32.991Z - Received json message of type GET_CONTEXT_FILE_DATA
[NX v22.6.5 Daemon Server] - 2026-05-15T04:44:32.992Z - Serializing response for GET_CONTEXT_FILE_DATA message in json mode
[NX v22.6.5 Daemon Server] - 2026-05-15T04:44:32.992Z - Responding to GET_CONTEXT_FILE_DATA message
[NX v22.6.5 Daemon Server] - 2026-05-15T04:44:32.992Z - [REQUEST]: Responding to the client. handleContextFileData
[NX v22.6.5 Daemon Server] - 2026-05-15T04:44:32.992Z - Done responding to the client handleContextFileData
[NX v22.6.5 Daemon Server] - 2026-05-15T04:44:32.992Z - Handled json message GET_CONTEXT_FILE_DATA. Handling time: 1. Response time: 0.
[NX v22.6.5 Daemon Client] - 2026-05-15T04:44:32.992Z - [Messenger] Received message, length: 15079
[NX v22.6.5 Daemon Server] - 2026-05-15T04:44:32.993Z - Closed a connection. Number of open connections: 2
[NX v22.6.5 Daemon Server] - 2026-05-15T04:44:33.015Z - Closed a connection. Number of open connections: 1
[NX v22.6.5 Daemon Client] - 2026-05-15T04:44:33.015Z - [ProjectGraphListener] Socket closed, triggering reconnection
[NX v22.6.5 Daemon Client] - 2026-05-15T04:44:33.018Z - [Messenger] Setting up socket listeners
[NX v22.6.5 Daemon Client] - 2026-05-15T04:44:33.018Z - [Messenger] listen() complete
[NX v22.6.5 Daemon Client] - 2026-05-15T04:44:33.018Z - [Messenger] Sending message type: REGISTER_PROJECT_GRAPH_LISTENER
[NX v22.6.5 Daemon Server] - 2026-05-15T04:44:33.018Z - Established a connection. Number of open connections: 2
[NX v22.6.5 Daemon Client] - 2026-05-15T04:44:33.018Z - [Messenger] Message sent
[NX v22.6.5 Daemon Server] - 2026-05-15T04:44:33.018Z - Established a connection. Number of open connections: 3
[NX v22.6.5 Daemon Server] - 2026-05-15T04:44:33.018Z - Closed a connection. Number of open connections: 2
[NX v22.6.5 Daemon Server] - 2026-05-15T04:44:33.018Z - Received raw message of length 42
[NX v22.6.5 Daemon Server] - 2026-05-15T04:44:33.018Z - Received json message of type REGISTER_PROJECT_GRAPH_LISTENER
[NX v22.6.5 Daemon Server] - 2026-05-15T04:44:35.175Z - Established a connection. Number of open connections: 3
[NX v22.6.5 Daemon Server] - 2026-05-15T04:44:35.176Z - Closed a connection. Number of open connections: 2
[NX v22.6.5 Daemon Server] - 2026-05-15T04:44:35.176Z - Established a connection. Number of open connections: 3
[NX v22.6.5 Daemon Server] - 2026-05-15T04:44:35.177Z - Closed a connection. Number of open connections: 2
[NX v22.6.5 Daemon Server] - 2026-05-15T04:44:35.178Z - Established a connection. Number of open connections: 3
[NX v22.6.5 Daemon Client] - 2026-05-15T04:44:35.178Z - [Messenger] Setting up socket listeners
[NX v22.6.5 Daemon Client] - 2026-05-15T04:44:35.179Z - [Messenger] listen() complete
[NX v22.6.5 Daemon Client] - 2026-05-15T04:44:35.180Z - [Messenger] Sending message type: GET_NX_CONSOLE_STATUS
[NX v22.6.5 Daemon Client] - 2026-05-15T04:44:35.181Z - [Messenger] Message sent
[NX v22.6.5 Daemon Server] - 2026-05-15T04:44:35.291Z - Received raw message of length 32
[NX v22.6.5 Daemon Server] - 2026-05-15T04:44:35.291Z - Received json message of type GET_NX_CONSOLE_STATUS
[NX v22.6.5 Daemon Server] - 2026-05-15T04:44:35.291Z - Serializing response for GET_NX_CONSOLE_STATUS message in json mode
[NX v22.6.5 Daemon Server] - 2026-05-15T04:44:35.292Z - Responding to GET_NX_CONSOLE_STATUS message
[NX v22.6.5 Daemon Server] - 2026-05-15T04:44:35.292Z - [REQUEST]: Responding to the client. handleGetNxConsoleStatus
[NX v22.6.5 Daemon Server] - 2026-05-15T04:44:35.292Z - Done responding to the client handleGetNxConsoleStatus
[NX v22.6.5 Daemon Server] - 2026-05-15T04:44:35.292Z - Handled json message GET_NX_CONSOLE_STATUS. Handling time: 0. Response time: 1.
[NX v22.6.5 Daemon Client] - 2026-05-15T04:44:35.292Z - [Messenger] Received message, length: 22
[NX v22.6.5 Daemon Client] - 2026-05-15T04:44:35.333Z - [Messenger] Sending message type: REQUEST_PROJECT_GRAPH
[NX v22.6.5 Daemon Client] - 2026-05-15T04:44:35.333Z - [Messenger] Message sent
[NX v22.6.5 Daemon Server] - 2026-05-15T04:44:35.333Z - Received raw message of length 32
[NX v22.6.5 Daemon Server] - 2026-05-15T04:44:35.333Z - Received json message of type REQUEST_PROJECT_GRAPH
[NX v22.6.5 Daemon Server] - 2026-05-15T04:44:35.333Z - [REQUEST]: Client Request for Project Graph Received
[NX v22.6.5 Daemon Server] - 2026-05-15T04:44:35.333Z - Reusing in-memory cached project graph because no files changed.
[NX v22.6.5 Daemon Server] - 2026-05-15T04:44:35.334Z - Serializing response for REQUEST_PROJECT_GRAPH message in json mode
[NX v22.6.5 Daemon Server] - 2026-05-15T04:44:35.334Z - Responding to REQUEST_PROJECT_GRAPH message
[NX v22.6.5 Daemon Server] - 2026-05-15T04:44:35.334Z - [REQUEST]: Responding to the client. project-graph
[NX v22.6.5 Daemon Server] - 2026-05-15T04:44:35.335Z - Time taken for 'total for creating and serializing project graph' 0.40909699999610893ms
[NX v22.6.5 Daemon Server] - 2026-05-15T04:44:35.336Z - Done responding to the client project-graph
[NX v22.6.5 Daemon Server] - 2026-05-15T04:44:35.336Z - Handled json message REQUEST_PROJECT_GRAPH. Handling time: 1. Response time: 2.
[NX v22.6.5 Daemon Client] - 2026-05-15T04:44:35.337Z - [Messenger] Received message, length: 922498
[NX v22.6.5 Daemon Client] - 2026-05-15T04:44:35.344Z - [Messenger] Sending message type: PRE_TASKS_EXECUTION
[NX v22.6.5 Daemon Client] - 2026-05-15T04:44:35.344Z - [Messenger] Message sent
[NX v22.6.5 Daemon Server] - 2026-05-15T04:44:35.345Z - Received raw message of length 727
[NX v22.6.5 Daemon Server] - 2026-05-15T04:44:35.345Z - Received json message of type PRE_TASKS_EXECUTION
[NX v22.6.5 Daemon Server] - 2026-05-15T04:44:35.345Z - Serializing response for PRE_TASKS_EXECUTION message in json mode
[NX v22.6.5 Daemon Server] - 2026-05-15T04:44:35.345Z - Responding to PRE_TASKS_EXECUTION message
[NX v22.6.5 Daemon Server] - 2026-05-15T04:44:35.345Z - [REQUEST]: Responding to the client. handleRunPreTasksExecution
[NX v22.6.5 Daemon Server] - 2026-05-15T04:44:35.345Z - Done responding to the client handleRunPreTasksExecution
[NX v22.6.5 Daemon Server] - 2026-05-15T04:44:35.345Z - Handled json message PRE_TASKS_EXECUTION. Handling time: 0. Response time: 0.
[NX v22.6.5 Daemon Server] - 2026-05-15T04:44:35.345Z - Time taken for 'preTasksExecution' 0.25829199998406693ms
[NX v22.6.5 Daemon Client] - 2026-05-15T04:44:35.345Z - [Messenger] Received message, length: 2
[NX v22.6.5 Daemon Client] - 2026-05-15T04:44:35.363Z - [Messenger] Sending message type: HASH_TASKS
[NX v22.6.5 Daemon Client] - 2026-05-15T04:44:35.363Z - [Messenger] Message sent
[NX v22.6.5 Daemon Server] - 2026-05-15T04:44:35.363Z - Received raw message of length 5740
[NX v22.6.5 Daemon Server] - 2026-05-15T04:44:35.364Z - Received json message of type HASH_TASKS
[NX v22.6.5 Daemon Server] - 2026-05-15T04:44:35.364Z - Reusing in-memory cached project graph because no files changed.
DEBUG nx::native::tasks::hash_planner: get_plans_internal COMPLETED in 3.481558ms - processed 1 tasks (setup: 3.244045ms, parallel_planning: 231.215µs)
DEBUG nx::native::tasks::hashers::hash_workspace_files: Hashing workspace fileset with inputs: Adding "2633700893954941114" (".gitignore") to hash
DEBUG nx::native::tasks::hashers::hash_workspace_files: Hashing workspace fileset with inputs: Adding "14069730223483982355" ("nx.json") to hash
DEBUG nx::native::tasks::hashers::hash_workspace_files: Hashing workspace fileset with inputs: Hash Value: "15088170571084236776"
DEBUG nx::native::tasks::task_hasher: hash_plans COMPLETED in 4.613878ms - processed 1 plans (setup: 375.694µs, hashing: 4.23592ms, assembly: 762.865µs)
[NX v22.6.5 Daemon Server] - 2026-05-15T04:44:35.381Z - Serializing response for HASH_TASKS message in json mode
[NX v22.6.5 Daemon Server] - 2026-05-15T04:44:35.382Z - Responding to HASH_TASKS message
[NX v22.6.5 Daemon Server] - 2026-05-15T04:44:35.382Z - [REQUEST]: Responding to the client. handleHashTasks
[NX v22.6.5 Daemon Server] - 2026-05-15T04:44:35.382Z - Done responding to the client handleHashTasks
[NX v22.6.5 Daemon Server] - 2026-05-15T04:44:35.383Z - Handled json message HASH_TASKS. Handling time: 17. Response time: 2.
[NX v22.6.5 Daemon Client] - 2026-05-15T04:44:35.383Z - [Messenger] Received message, length: 34880
[NX v22.6.5 Daemon Client] - 2026-05-15T04:44:35.486Z - [Messenger] Sending message type: GET_ESTIMATED_TASK_TIMINGS
[NX v22.6.5 Daemon Client] - 2026-05-15T04:44:35.486Z - [Messenger] Message sent
[NX v22.6.5 Daemon Server] - 2026-05-15T04:44:35.487Z - Received raw message of length 88
[NX v22.6.5 Daemon Server] - 2026-05-15T04:44:35.487Z - Received json message of type GET_ESTIMATED_TASK_TIMINGS
[NX v22.6.5 Daemon Server] - 2026-05-15T04:44:35.487Z - Serializing response for GET_ESTIMATED_TASK_TIMINGS message in json mode
[NX v22.6.5 Daemon Server] - 2026-05-15T04:44:35.487Z - Responding to GET_ESTIMATED_TASK_TIMINGS message
[NX v22.6.5 Daemon Server] - 2026-05-15T04:44:35.487Z - [REQUEST]: Responding to the client. handleGetEstimatedTaskTimings
[NX v22.6.5 Daemon Server] - 2026-05-15T04:44:35.488Z - Done responding to the client handleGetEstimatedTaskTimings
[NX v22.6.5 Daemon Server] - 2026-05-15T04:44:35.488Z - Handled json message GET_ESTIMATED_TASK_TIMINGS. Handling time: 0. Response time: 1.
[NX v22.6.5 Daemon Client] - 2026-05-15T04:44:35.488Z - [Messenger] Received message, length: 2
[NX v22.6.5 Daemon Client] - 2026-05-15T04:44:41.923Z - [Messenger] Sending message type: RECORD_OUTPUTS_HASH
[NX v22.6.5 Daemon Client] - 2026-05-15T04:44:41.924Z - [Messenger] Message sent
[NX v22.6.5 Daemon Server] - 2026-05-15T04:44:41.924Z - Received raw message of length 80
[NX v22.6.5 Daemon Server] - 2026-05-15T04:44:41.924Z - Received json message of type RECORD_OUTPUTS_HASH
[NX v22.6.5 Daemon Server] - 2026-05-15T04:44:41.924Z - Serializing response for RECORD_OUTPUTS_HASH message in json mode
[NX v22.6.5 Daemon Server] - 2026-05-15T04:44:41.924Z - Responding to RECORD_OUTPUTS_HASH message
[NX v22.6.5 Daemon Server] - 2026-05-15T04:44:41.924Z - [REQUEST]: Responding to the client. recordOutputsHash
[NX v22.6.5 Daemon Server] - 2026-05-15T04:44:41.924Z - Done responding to the client recordOutputsHash
[NX v22.6.5 Daemon Server] - 2026-05-15T04:44:41.924Z - Handled json message RECORD_OUTPUTS_HASH. Handling time: 0. Response time: 0.
[NX v22.6.5 Daemon Client] - 2026-05-15T04:44:41.924Z - [Messenger] Received message, length: 2
[NX v22.6.5 Daemon Client] - 2026-05-15T04:44:41.928Z - [Messenger] Sending message type: RECORD_TASK_RUNS
[NX v22.6.5 Daemon Client] - 2026-05-15T04:44:41.929Z - [Messenger] Message sent
[NX v22.6.5 Daemon Server] - 2026-05-15T04:44:41.929Z - Received raw message of length 206
[NX v22.6.5 Daemon Server] - 2026-05-15T04:44:41.929Z - Received json message of type RECORD_TASK_RUNS
[NX v22.6.5 Daemon Server] - 2026-05-15T04:44:41.981Z - Serializing response for RECORD_TASK_RUNS message in json mode
[NX v22.6.5 Daemon Server] - 2026-05-15T04:44:41.981Z - Responding to RECORD_TASK_RUNS message
[NX v22.6.5 Daemon Server] - 2026-05-15T04:44:41.981Z - [REQUEST]: Responding to the client. handleRecordTaskRuns
[NX v22.6.5 Daemon Server] - 2026-05-15T04:44:41.981Z - Done responding to the client handleRecordTaskRuns
[NX v22.6.5 Daemon Server] - 2026-05-15T04:44:41.981Z - Handled json message RECORD_TASK_RUNS. Handling time: 52. Response time: 0.
[NX v22.6.5 Daemon Client] - 2026-05-15T04:44:41.982Z - [Messenger] Received message, length: 4
[NX v22.6.5 Daemon Client] - 2026-05-15T04:44:41.984Z - [Messenger] Sending message type: GET_CONFIGURE_AI_AGENTS_STATUS
[NX v22.6.5 Daemon Server] - 2026-05-15T04:44:41.984Z - Established a connection. Number of open connections: 4
[NX v22.6.5 Daemon Client] - 2026-05-15T04:44:41.984Z - [Messenger] Message sent
[NX v22.6.5 Daemon Server] - 2026-05-15T04:44:41.984Z - Received raw message of length 41
[NX v22.6.5 Daemon Server] - 2026-05-15T04:44:41.984Z - Received json message of type GET_CONFIGURE_AI_AGENTS_STATUS
[NX v22.6.5 Daemon Server] - 2026-05-15T04:44:41.985Z - [AI-AGENTS]: Returning cached agent configuration status
[NX v22.6.5 Daemon Server] - 2026-05-15T04:44:41.985Z - Serializing response for GET_CONFIGURE_AI_AGENTS_STATUS message in json mode
[NX v22.6.5 Daemon Server] - 2026-05-15T04:44:41.985Z - Responding to GET_CONFIGURE_AI_AGENTS_STATUS message
[NX v22.6.5 Daemon Server] - 2026-05-15T04:44:41.985Z - [REQUEST]: Responding to the client. handleGetConfigureAiAgentsStatus
[NX v22.6.5 Daemon Server] - 2026-05-15T04:44:41.985Z - Done responding to the client handleGetConfigureAiAgentsStatus
[NX v22.6.5 Daemon Server] - 2026-05-15T04:44:41.985Z - Handled json message GET_CONFIGURE_AI_AGENTS_STATUS. Handling time: 0. Response time: 0.
[NX v22.6.5 Daemon Client] - 2026-05-15T04:44:41.985Z - [Messenger] Received message, length: 400
[NX v22.6.5 Daemon Server] - 2026-05-15T04:44:41.985Z - Closed a connection. Number of open connections: 3
[NX v22.6.5 Daemon Client] - 2026-05-15T04:44:42.387Z - [Messenger] Sending message type: POST_TASKS_EXECUTION
[NX v22.6.5 Daemon Client] - 2026-05-15T04:44:42.387Z - [Messenger] Message sent
[NX v22.6.5 Daemon Server] - 2026-05-15T04:44:42.387Z - Received raw message of length 37975
[NX v22.6.5 Daemon Server] - 2026-05-15T04:44:42.388Z - Received json message of type POST_TASKS_EXECUTION
[NX v22.6.5 Daemon Server] - 2026-05-15T04:44:42.388Z - Serializing response for POST_TASKS_EXECUTION message in json mode
[NX v22.6.5 Daemon Server] - 2026-05-15T04:44:42.388Z - Responding to POST_TASKS_EXECUTION message
[NX v22.6.5 Daemon Server] - 2026-05-15T04:44:42.388Z - [REQUEST]: Responding to the client. handleRunPostTasksExecution
[NX v22.6.5 Daemon Server] - 2026-05-15T04:44:42.388Z - Done responding to the client handleRunPostTasksExecution
[NX v22.6.5 Daemon Server] - 2026-05-15T04:44:42.389Z - Handled json message POST_TASKS_EXECUTION. Handling time: 0. Response time: 1.
[NX v22.6.5 Daemon Server] - 2026-05-15T04:44:42.389Z - Time taken for 'postTasksExecution' 0.33568499999819323ms
[NX v22.6.5 Daemon Client] - 2026-05-15T04:44:42.389Z - [Messenger] Received message, length: 4
[NX v22.6.5 Daemon Server] - 2026-05-15T04:44:42.396Z - Closed a connection. Number of open connections: 2
